Enter password: ********
Welcome to the MySQL monitor.  Commands end with ; or \g.
Your MySQL connection id is 20
Server version: 5.5.62 MySQL Community Server (GPL)

Copyright (c) 2000, 2018, Oracle and/or its affiliates. All rights reserved.

Oracle is a registered trademark of Oracle Corporation and/or its
affiliates. Other names may be trademarks of their respective
owners.

Type 'help;' or '\h' for help. Type '\c' to clear the current input statement.

mysql> use business;
Database changed
mysql> select * from company;
+----+----------+------+------+
| id | custname | age  | sex  |
+----+----------+------+------+
| 77 | ram      |   30 | m    |
+----+----------+------+------+
1 row in set (0.00 sec)

mysql> insert into company values(83,'ravi',33,'m');
Query OK, 1 row affected (0.01 sec)

mysql> select * from comapany;
ERROR 1146 (42S02): Table 'business.comapany' doesn't exist
mysql> select * from company;
+----+----------+------+------+
| id | custname | age  | sex  |
+----+----------+------+------+
| 77 | ram      |   30 | m    |
| 83 | ravi     |   33 | m    |
+----+----------+------+------+
2 rows in set (0.00 sec)

mysql> select name from company where age=33;
ERROR 1054 (42S22): Unknown column 'name' in 'field list'
mysql> select custname from company where age=33;
+----------+
| custname |
+----------+
| ravi     |
+----------+
1 row in set (0.01 sec)

mysql> select custname from company where sex='m';
+----------+
| custname |
+----------+
| ram      |
| ravi     |
+----------+
2 rows in set (0.00 sec)

mysql> select * from company where custname like'r%';
+----+----------+------+------+
| id | custname | age  | sex  |
+----+----------+------+------+
| 77 | ram      |   30 | m    |
| 83 | ravi     |   33 | m    |
+----+----------+------+------+
2 rows in set (0.01 sec)

mysql> select * from company where custname like'%i';
+----+----------+------+------+
| id | custname | age  | sex  |
+----+----------+------+------+
| 83 | ravi     |   33 | m    |
+----+----------+------+------+
1 row in set (0.00 sec)

mysql>
